2025-03-23 20:28:50,235 - INFO - 127.0.0.1 - - [23/Mar/2025 20:28:50] "POST /api/auth/login HTTP/1.1" 200 -
2025-03-23 20:28:50,238 - ERROR - Access denied - Role mismatch. User role: user, Required role: admin
2025-03-23 20:28:50,238 - INFO - 127.0.0.1 - - [23/Mar/2025 20:28:50] "[31m[1mPUT /api/admin/setrole HTTP/1.1[0m" 403 -
2025-03-23 20:35:26,304 - INFO -  * Detected change in '/home/kaijuzz/Desktop/Project/scripts.py', reloading
2025-03-23 20:35:26,448 - INFO -  * Restarting with stat
2025-03-23 20:35:26,959 - WARNING -  * Debugger is active!
2025-03-23 20:35:26,961 - INFO -  * Debugger PIN: 191-583-087
2025-03-23 20:35:32,716 - INFO - 127.0.0.1 - - [23/Mar/2025 20:35:32] "POST /api/auth/login HTTP/1.1" 200 -
2025-03-23 20:35:32,720 - ERROR - Access denied - Role mismatch. User role: user, Required role: admin
2025-03-23 20:35:32,720 - INFO - 127.0.0.1 - - [23/Mar/2025 20:35:32] "[31m[1mPUT /api/admin/setrole HTTP/1.1[0m" 403 -
2025-03-23 20:36:28,443 - INFO -  * Detected change in '/home/kaijuzz/Desktop/Project/app/routes/admin.py', reloading
2025-03-23 20:36:28,634 - INFO -  * Restarting with stat
2025-03-23 20:36:29,238 - WARNING -  * Debugger is active!
2025-03-23 20:36:29,241 - INFO -  * Debugger PIN: 191-583-087
2025-03-23 20:36:32,273 - INFO -  * Detected change in '/home/kaijuzz/Desktop/Project/scripts.py', reloading
2025-03-23 20:36:32,389 - INFO -  * Restarting with stat
2025-03-23 20:36:32,881 - WARNING -  * Debugger is active!
2025-03-23 20:36:32,882 - INFO -  * Debugger PIN: 191-583-087
2025-03-23 20:36:35,175 - INFO - 127.0.0.1 - - [23/Mar/2025 20:36:35] "POST /api/auth/login HTTP/1.1" 200 -
2025-03-23 20:36:35,177 - INFO - Request - Endpoint: /api/admin/setrole | Method: PUT | User: Kháº£i
2025-03-23 20:36:35,177 - INFO - Success - Endpoint: /api/admin/setrole | Method: PUT | Response: {
  "message": "Invalid requets data"
}

2025-03-23 20:36:35,178 - INFO - 127.0.0.1 - - [23/Mar/2025 20:36:35] "[31m[1mPUT /api/admin/setrole HTTP/1.1[0m" 400 -
2025-03-23 20:56:12,875 - INFO -  * Detected change in '/home/kaijuzz/Desktop/Project/app/routes/test.py', reloading
2025-03-23 20:56:13,015 - INFO -  * Restarting with stat
2025-03-23 20:56:13,488 - WARNING -  * Debugger is active!
2025-03-23 20:56:13,490 - INFO -  * Debugger PIN: 191-583-087
2025-03-23 20:57:01,879 - INFO -  * Detected change in '/home/kaijuzz/Desktop/Project/app/__init__.py', reloading
2025-03-23 20:57:02,011 - INFO -  * Restarting with stat
2025-03-25 20:25:25,713 - INFO - [31m[1mWARNING: This is a development server. Do not use it in a production deployment. Use a production WSGI server instead.[0m
 * Running on http://127.0.0.1:5000
2025-03-25 20:25:25,713 - INFO - [33mPress CTRL+C to quit[0m
2025-03-25 20:25:25,714 - INFO -  * Restarting with stat
2025-03-25 20:25:26,192 - WARNING -  * Debugger is active!
2025-03-25 20:25:26,196 - INFO -  * Debugger PIN: 162-562-193
2025-03-25 20:25:32,989 - INFO - 127.0.0.1 - - [25/Mar/2025 20:25:32] "[35m[1mPOST /api/auth/register HTTP/1.1[0m" 201 -
2025-03-25 20:25:33,086 - INFO - 127.0.0.1 - - [25/Mar/2025 20:25:33] "POST /api/auth/login HTTP/1.1" 200 -
2025-03-25 20:32:59,581 - INFO -  * Detected change in '/home/kaijuzz/Desktop/Project/scripts.py', reloading
2025-03-25 20:32:59,726 - INFO -  * Restarting with stat
2025-03-25 20:33:00,277 - WARNING -  * Debugger is active!
2025-03-25 20:33:00,279 - INFO -  * Debugger PIN: 162-562-193
2025-03-25 20:34:51,185 - INFO -  * Detected change in '/home/kaijuzz/Desktop/Project/scripts.py', reloading
2025-03-25 20:34:51,310 - INFO -  * Restarting with stat
2025-03-25 20:34:51,796 - WARNING -  * Debugger is active!
2025-03-25 20:34:51,798 - INFO -  * Debugger PIN: 162-562-193
2025-03-25 20:35:05,908 - INFO -  * Detected change in '/home/kaijuzz/Desktop/Project/app/routes/admin.py', reloading
2025-03-25 20:35:06,043 - INFO -  * Restarting with stat
2025-03-25 20:35:06,559 - WARNING -  * Debugger is active!
2025-03-25 20:35:06,561 - INFO -  * Debugger PIN: 162-562-193
2025-03-25 20:35:08,589 - INFO -  * Detected change in '/home/kaijuzz/Desktop/Project/scripts.py', reloading
2025-03-25 20:35:08,711 - INFO -  * Restarting with stat
2025-03-25 20:35:09,182 - WARNING -  * Debugger is active!
2025-03-25 20:35:09,184 - INFO -  * Debugger PIN: 162-562-193
2025-03-25 20:42:04,187 - INFO -  * Detected change in '/home/kaijuzz/Desktop/Project/scripts.py', reloading
2025-03-25 20:42:04,325 - INFO -  * Restarting with stat
2025-03-25 20:42:04,838 - WARNING -  * Debugger is active!
2025-03-25 20:42:04,840 - INFO -  * Debugger PIN: 162-562-193
2025-03-25 20:42:12,068 - INFO - 127.0.0.1 - - [25/Mar/2025 20:42:12] "POST /api/auth/login HTTP/1.1" 200 -
2025-03-25 20:42:12,070 - INFO - Request - Endpoint: /api/admin/get | Method: GET | User: ADMIN
2025-03-25 20:42:12,070 - ERROR - Unexpected Error - Endpoint: /api/admin/get | Detail: 415 Unsupported Media Type: Did not attempt to load JSON data because the request Content-Type was not 'application/json'.
2025-03-25 20:42:12,071 - INFO - 127.0.0.1 - - [25/Mar/2025 20:42:12] "[35m[1mGET /api/admin/get HTTP/1.1[0m" 500 -
2025-03-25 20:43:54,710 - INFO -  * Detected change in '/home/kaijuzz/Desktop/Project/tests/unit/test_routes_unit.py', reloading
2025-03-25 20:43:54,853 - INFO -  * Restarting with stat
2025-03-25 20:43:55,358 - WARNING -  * Debugger is active!
2025-03-25 20:43:55,360 - INFO -  * Debugger PIN: 162-562-193
2025-03-25 20:44:05,456 - INFO -  * Detected change in '/home/kaijuzz/Desktop/Project/tests/unit/test_routes_unit.py', reloading
2025-03-25 20:44:05,604 - INFO -  * Restarting with stat
2025-03-25 20:44:06,114 - WARNING -  * Debugger is active!
2025-03-25 20:44:06,115 - INFO -  * Debugger PIN: 162-562-193
2025-03-25 20:52:34,075 - INFO -  * Detected change in '/home/kaijuzz/Desktop/Project/tests/unit/test_routes_unit.py', reloading
2025-03-25 20:52:34,206 - INFO -  * Restarting with stat
2025-03-25 20:52:34,678 - WARNING -  * Debugger is active!
2025-03-25 20:52:34,680 - INFO -  * Debugger PIN: 162-562-193
2025-03-25 20:52:44,758 - INFO -  * Detected change in '/home/kaijuzz/Desktop/Project/tests/unit/test_routes_unit.py', reloading
2025-03-25 20:52:44,908 - INFO -  * Restarting with stat
2025-03-25 20:52:45,440 - WARNING -  * Debugger is active!
2025-03-25 20:52:45,442 - INFO -  * Debugger PIN: 162-562-193
2025-03-25 20:52:59,558 - INFO -  * Detected change in '/home/kaijuzz/Desktop/Project/tests/unit/test_routes_unit.py', reloading
2025-03-25 20:52:59,698 - INFO -  * Restarting with stat
2025-03-25 20:53:00,247 - WARNING -  * Debugger is active!
2025-03-25 20:53:00,248 - INFO -  * Debugger PIN: 162-562-193
2025-03-25 20:53:02,271 - INFO -  * Detected change in '/home/kaijuzz/Desktop/Project/tests/conftest.py', reloading
2025-03-25 20:53:02,446 - INFO -  * Restarting with stat
2025-03-25 20:53:03,028 - WARNING -  * Debugger is active!
2025-03-25 20:53:03,030 - INFO -  * Debugger PIN: 162-562-193
2025-03-25 20:53:17,138 - INFO -  * Detected change in '/home/kaijuzz/Desktop/Project/tests/unit/test_routes_unit.py', reloading
2025-03-25 20:53:17,272 - INFO -  * Restarting with stat
2025-03-25 20:53:17,739 - WARNING -  * Debugger is active!
2025-03-25 20:53:17,742 - INFO -  * Debugger PIN: 162-562-193
2025-03-25 20:53:20,775 - INFO -  * Detected change in '/home/kaijuzz/Desktop/Project/tests/unit/test_routes_unit.py', reloading
2025-03-25 20:53:20,919 - INFO -  * Restarting with stat
2025-03-25 20:53:21,478 - WARNING -  * Debugger is active!
2025-03-25 20:53:21,481 - INFO -  * Debugger PIN: 162-562-193
2025-03-25 20:54:50,112 - INFO -  * Detected change in '/home/kaijuzz/Desktop/Project/tests/unit/test_routes_unit.py', reloading
2025-03-25 20:54:50,238 - INFO -  * Restarting with stat
2025-03-25 20:54:50,746 - WARNING -  * Debugger is active!
2025-03-25 20:54:50,748 - INFO -  * Debugger PIN: 162-562-193
2025-03-25 20:57:36,942 - INFO -  * Detected change in '/home/kaijuzz/Desktop/Project/tests/unit/test_routes_unit.py', reloading
2025-03-25 20:57:37,081 - INFO -  * Restarting with stat
2025-03-25 20:57:37,581 - WARNING -  * Debugger is active!
2025-03-25 20:57:37,582 - INFO -  * Debugger PIN: 162-562-193
2025-03-25 20:58:43,084 - INFO -  * Detected change in '/home/kaijuzz/Desktop/Project/tests/unit/test_routes_unit.py', reloading
2025-03-25 20:58:43,222 - INFO -  * Restarting with stat
2025-03-25 20:58:43,690 - WARNING -  * Debugger is active!
2025-03-25 20:58:43,692 - INFO -  * Debugger PIN: 162-562-193
2025-03-25 20:59:27,989 - INFO -  * Detected change in '/home/kaijuzz/Desktop/Project/tests/unit/test_routes_unit.py', reloading
2025-03-25 20:59:28,113 - INFO -  * Restarting with stat
2025-03-25 20:59:28,600 - WARNING -  * Debugger is active!
2025-03-25 20:59:28,602 - INFO -  * Debugger PIN: 162-562-193
2025-03-25 21:05:18,223 - INFO -  * Detected change in '/home/kaijuzz/Desktop/Project/app/tests/unit/test_routes_unit.py', reloading
2025-03-25 21:05:18,374 - INFO -  * Restarting with stat
2025-03-25 21:05:18,882 - WARNING -  * Debugger is active!
2025-03-25 21:05:18,884 - INFO -  * Debugger PIN: 162-562-193
2025-03-25 21:05:46,087 - INFO -  * Detected change in '/home/kaijuzz/Desktop/Project/app/tests/conftest.py', reloading
2025-03-25 21:05:46,226 - INFO -  * Restarting with stat
2025-03-25 21:05:46,875 - WARNING -  * Debugger is active!
2025-03-25 21:05:46,877 - INFO -  * Debugger PIN: 162-562-193
2025-03-25 21:06:02,979 - INFO -  * Detected change in '/home/kaijuzz/Desktop/Project/app/tests/conftest.py', reloading
2025-03-25 21:06:03,125 - INFO -  * Restarting with stat
2025-03-25 21:06:03,636 - WARNING -  * Debugger is active!
2025-03-25 21:06:03,638 - INFO -  * Debugger PIN: 162-562-193
2025-03-25 21:06:20,780 - INFO -  * Detected change in '/home/kaijuzz/Desktop/Project/app/tests/conftest.py', reloading
2025-03-25 21:06:20,930 - INFO -  * Restarting with stat
2025-03-25 21:06:21,469 - WARNING -  * Debugger is active!
2025-03-25 21:06:21,470 - INFO -  * Debugger PIN: 162-562-193
2025-03-25 21:08:34,482 - INFO -  * Detected change in '/home/kaijuzz/Desktop/Project/app/tests/conftest.py', reloading
2025-03-25 21:08:34,606 - INFO -  * Restarting with stat
2025-03-25 21:08:35,070 - WARNING -  * Debugger is active!
2025-03-25 21:08:35,072 - INFO -  * Debugger PIN: 162-562-193
2025-03-25 21:08:49,188 - INFO -  * Detected change in '/home/kaijuzz/Desktop/Project/app/tests/conftest.py', reloading
2025-03-25 21:08:49,334 - INFO -  * Restarting with stat
2025-03-25 21:08:49,907 - WARNING -  * Debugger is active!
2025-03-25 21:08:49,909 - INFO -  * Debugger PIN: 162-562-193
2025-03-25 21:10:01,409 - INFO -  * Detected change in '/home/kaijuzz/Desktop/Project/app/tests/unit/test_routes_unit.py', reloading
2025-03-25 21:10:01,555 - INFO -  * Restarting with stat
2025-03-25 21:10:02,045 - WARNING -  * Debugger is active!
2025-03-25 21:10:02,046 - INFO -  * Debugger PIN: 162-562-193
2025-03-25 21:11:01,515 - INFO -  * Detected change in '/home/kaijuzz/Desktop/Project/app/tests/conftest.py', reloading
2025-03-25 21:11:01,639 - INFO -  * Restarting with stat
2025-03-25 21:11:02,097 - WARNING -  * Debugger is active!
2025-03-25 21:11:02,099 - INFO -  * Debugger PIN: 162-562-193
2025-03-25 21:12:43,891 - INFO -  * Detected change in '/home/kaijuzz/Desktop/Project/app/tests/conftest.py', reloading
2025-03-25 21:12:44,035 - INFO -  * Restarting with stat
2025-03-25 21:12:44,558 - WARNING -  * Debugger is active!
2025-03-25 21:12:44,560 - INFO -  * Debugger PIN: 162-562-193
2025-03-25 21:12:50,615 - INFO -  * Detected change in '/home/kaijuzz/Desktop/Project/app/tests/conftest.py', reloading
2025-03-25 21:12:50,729 - INFO -  * Restarting with stat
2025-03-25 21:12:51,172 - WARNING -  * Debugger is active!
2025-03-25 21:12:51,174 - INFO -  * Debugger PIN: 162-562-193
2025-03-25 21:16:55,036 - INFO -  * Detected change in '/home/kaijuzz/Desktop/Project/app/tests/conftest.py', reloading
2025-03-25 21:16:55,158 - INFO -  * Restarting with stat
2025-03-25 21:16:55,611 - WARNING -  * Debugger is active!
2025-03-25 21:16:55,613 - INFO -  * Debugger PIN: 162-562-193
2025-03-25 21:17:13,762 - INFO -  * Detected change in '/home/kaijuzz/Desktop/Project/app/tests/conftest.py', reloading
2025-03-25 21:17:13,913 - INFO -  * Restarting with stat
2025-03-25 21:17:14,472 - WARNING -  * Debugger is active!
2025-03-25 21:17:14,474 - INFO -  * Debugger PIN: 162-562-193
2025-03-25 21:19:14,436 - INFO -  * Detected change in '/home/kaijuzz/Desktop/Project/app/tests/conftest.py', reloading
2025-03-25 21:19:14,609 - INFO -  * Restarting with stat
2025-03-25 21:19:15,166 - WARNING -  * Debugger is active!
2025-03-25 21:19:15,168 - INFO -  * Debugger PIN: 162-562-193
2025-03-25 21:25:52,374 - INFO -  * Detected change in '/home/kaijuzz/Desktop/Project/app/tests/conftest.py', reloading
2025-03-25 21:25:52,533 - INFO -  * Restarting with stat
2025-03-25 21:25:53,173 - WARNING -  * Debugger is active!
2025-03-25 21:25:53,174 - INFO -  * Debugger PIN: 162-562-193
2025-03-26 16:45:36,266 - DEBUG - Token 1: eyJhbGciOiJIUzI1NiIsInR5cCI6IkpXVCJ9.eyJmcmVzaCI6ZmFsc2UsImlhdCI6MTc0Mjk4MjMzNiwianRpIjoiZmNiYmNkMjEtNjBkOC00MmU0LWE1YWMtOGY0MWIyZmI5MTRiIiwidHlwZSI6ImFjY2VzcyIsInN1YiI6MSwibmJmIjoxNzQyOTgyMzM2LCJjc3JmIjoiODA1NmJlMjMtMmQxMS00NzZlLWI2ODktZjNkZDg1YmIwY2YwIiwiZXhwIjoxNzQyOTgzMjM2fQ.aQb9ij3GJWTWcPFXXyUARWoISgdGEM6OmHm8aYMIt4s
2025-03-26 16:46:41,327 - DEBUG - Header 1: {'Authorization': 'Bearer eyJhbGciOiJIUzI1NiIsInR5cCI6IkpXVCJ9.eyJmcmVzaCI6ZmFsc2UsImlhdCI6MTc0Mjk4MjQwMSwianRpIjoiNTY2NmFiYjgtODVmNi00NzE2LTk4NjMtNDllYzAyODQ3MzlhIiwidHlwZSI6ImFjY2VzcyIsInN1YiI6MSwibmJmIjoxNzQyOTgyNDAxLCJjc3JmIjoiZDE3ZDUzNWQtN2U1NC00OWVmLWIwZmEtZGIzZWYyZThlYWQ0IiwiZXhwIjoxNzQyOTgzMzAxfQ.uoa0h9b1mvTaCB9CHjaKy2xrML25lHlajflS0wain6M'}
2025-03-26 16:49:14,940 - INFO - [31m[1mWARNING: This is a development server. Do not use it in a production deployment. Use a production WSGI server instead.[0m
 * Running on http://127.0.0.1:5000
2025-03-26 16:49:14,940 - INFO - [33mPress CTRL+C to quit[0m
2025-03-26 16:49:14,940 - INFO -  * Restarting with stat
2025-03-26 16:49:15,432 - WARNING -  * Debugger is active!
2025-03-26 16:49:15,437 - INFO -  * Debugger PIN: 781-061-093
2025-03-26 16:49:29,553 - INFO - 127.0.0.1 - - [26/Mar/2025 16:49:29] "POST /api/auth/login HTTP/1.1" 200 -
2025-03-26 16:49:29,556 - INFO - Request - Endpoint: /api/admin/get | Method: GET | User: ADMIN
2025-03-26 16:49:29,558 - ERROR - Unexpected Error - Endpoint: /api/admin/get | Detail: 'list' object has no attribute 'id'
2025-03-26 16:49:29,559 - INFO - 127.0.0.1 - - [26/Mar/2025 16:49:29] "[35m[1mGET /api/admin/get HTTP/1.1[0m" 500 -
2025-03-26 16:50:02,848 - INFO -  * Detected change in '/home/kaijuzz/Desktop/Project/scripts.py', reloading
2025-03-26 16:50:02,969 - INFO -  * Restarting with stat
2025-03-26 16:50:03,472 - WARNING -  * Debugger is active!
2025-03-26 16:50:03,474 - INFO -  * Debugger PIN: 781-061-093
2025-03-26 16:50:04,224 - INFO - 127.0.0.1 - - [26/Mar/2025 16:50:04] "POST /api/auth/login HTTP/1.1" 200 -
2025-03-26 16:50:04,226 - INFO - Request - Endpoint: /api/admin/get | Method: GET | User: ADMIN
2025-03-26 16:50:04,228 - ERROR - Unexpected Error - Endpoint: /api/admin/get | Detail: 'list' object has no attribute 'id'
2025-03-26 16:50:04,229 - INFO - 127.0.0.1 - - [26/Mar/2025 16:50:04] "[35m[1mGET /api/admin/get HTTP/1.1[0m" 500 -
2025-03-26 16:56:12,440 - INFO -  * Detected change in '/home/kaijuzz/Desktop/Project/app/utils/decorators.py', reloading
2025-03-26 16:56:12,597 - INFO -  * Restarting with stat
2025-03-26 16:56:13,147 - WARNING -  * Debugger is active!
2025-03-26 16:56:13,149 - INFO -  * Debugger PIN: 781-061-093
2025-03-26 16:56:19,208 - INFO -  * Detected change in '/home/kaijuzz/Desktop/Project/app/utils/decorators.py', reloading
2025-03-26 16:56:19,329 - INFO -  * Restarting with stat
2025-03-26 16:56:19,864 - WARNING -  * Debugger is active!
2025-03-26 16:56:19,866 - INFO -  * Debugger PIN: 781-061-093
2025-03-26 16:56:41,230 - INFO - 127.0.0.1 - - [26/Mar/2025 16:56:41] "POST /api/auth/login HTTP/1.1" 200 -
2025-03-26 16:56:41,234 - INFO - Request - Endpoint: /api/admin/get | Method: GET | User: ADMIN
2025-03-26 16:56:41,237 - ERROR - Unexpected Error - Endpoint: /api/admin/get | Detail: 'list' object has no attribute 'id'
2025-03-26 16:56:41,238 - INFO - 127.0.0.1 - - [26/Mar/2025 16:56:41] "[35m[1mGET /api/admin/get HTTP/1.1[0m" 500 -
2025-03-26 16:58:07,740 - INFO -  * Detected change in '/home/kaijuzz/Desktop/Project/app/utils/decorators.py', reloading
2025-03-26 16:58:07,871 - INFO -  * Restarting with stat
2025-03-26 16:59:25,156 - INFO - [31m[1mWARNING: This is a development server. Do not use it in a production deployment. Use a production WSGI server instead.[0m
 * Running on http://127.0.0.1:5000
2025-03-26 16:59:25,156 - INFO - [33mPress CTRL+C to quit[0m
2025-03-26 16:59:25,156 - INFO -  * Restarting with stat
2025-03-26 16:59:25,692 - WARNING -  * Debugger is active!
2025-03-26 16:59:25,694 - INFO -  * Debugger PIN: 781-061-093
2025-03-26 16:59:28,833 - INFO - 127.0.0.1 - - [26/Mar/2025 16:59:28] "POST /api/auth/login HTTP/1.1" 200 -
2025-03-26 16:59:28,835 - INFO - Request - Endpoint: /api/admin/get | Method: GET | User: ADMIN
2025-03-26 16:59:28,838 - CRITICAL - Unexpected Server Error - Detail: cannot access local variable 'result' where it is not associated with a value | Traceback: Traceback (most recent call last):
  File "/home/kaijuzz/Desktop/Project/app/utils/decorators.py", line 53, in wrapper
    result = func(*args, **kwargs)
             ^^^^^^^^^^^^^^^^^^^^^
  File "/home/kaijuzz/Desktop/Project/app/routes/admin.py", line 57, in admin_get_users
    "id": user.id,
          ^^^^^^^
AttributeError: 'list' object has no attribute 'id'

During handling of the above exception, another exception occurred:

Traceback (most recent call last):
  File "/home/kaijuzz/Desktop/Project/venv/lib/python3.12/site-packages/flask/app.py", line 917, in full_dispatch_request
    rv = self.dispatch_request()
         ^^^^^^^^^^^^^^^^^^^^^^^
  File "/home/kaijuzz/Desktop/Project/venv/lib/python3.12/site-packages/flask/app.py", line 902, in dispatch_request
    return self.ensure_sync(self.view_functions[rule.endpoint])(**view_args)  # type: ignore[no-any-return]
           ^^^^^^^^^^^^^^^^^^^^^^^^^^^^^^^^^^^^^^^^^^^^^^^^^^^^^^^^^^^^^^^^^
  File "/home/kaijuzz/Desktop/Project/venv/lib/python3.12/site-packages/flask_jwt_extended/view_decorators.py", line 170, in decorator
    return current_app.ensure_sync(fn)(*args, **kwargs)
           ^^^^^^^^^^^^^^^^^^^^^^^^^^^^^^^^^^^^^^^^^^^^
  File "/home/kaijuzz/Desktop/Project/app/utils/decorators.py", line 35, in wrapper
    return fn(*args, **kwargs)
           ^^^^^^^^^^^^^^^^^^^
  File "/home/kaijuzz/Desktop/Project/app/utils/decorators.py", line 79, in wrapper
    logging.error(f"Unexpected Error - Endpoint: {endpoint} | Detail: {str(e)} | Response: {result}")
                                                                                            ^^^^^^
UnboundLocalError: cannot access local variable 'result' where it is not associated with a value

2025-03-26 16:59:28,839 - INFO - 127.0.0.1 - - [26/Mar/2025 16:59:28] "[35m[1mGET /api/admin/get HTTP/1.1[0m" 500 -
2025-03-26 17:03:43,826 - INFO -  * Detected change in '/home/kaijuzz/Desktop/Project/app/routes/admin.py', reloading
2025-03-26 17:03:44,000 - INFO -  * Restarting with stat
2025-03-26 17:03:44,511 - WARNING -  * Debugger is active!
2025-03-26 17:03:44,513 - INFO -  * Debugger PIN: 781-061-093
2025-03-26 17:03:47,919 - INFO - 127.0.0.1 - - [26/Mar/2025 17:03:47] "POST /api/auth/login HTTP/1.1" 200 -
2025-03-26 17:03:47,921 - INFO - Request - Endpoint: /api/admin/get | Method: GET | User: ADMIN
2025-03-26 17:03:47,924 - ERROR - Unexpected Error - Endpoint: /api/admin/get | Detail: isinstance expected 2 arguments, got 3 | Response: (<Response 173 bytes [200 OK]>, 200)
2025-03-26 17:03:47,925 - INFO - 127.0.0.1 - - [26/Mar/2025 17:03:47] "[35m[1mGET /api/admin/get HTTP/1.1[0m" 500 -
2025-03-26 17:05:44,502 - INFO -  * Detected change in '/home/kaijuzz/Desktop/Project/app/utils/decorators.py', reloading
2025-03-26 17:05:44,630 - INFO -  * Restarting with stat
2025-03-26 17:05:45,103 - WARNING -  * Debugger is active!
2025-03-26 17:05:45,105 - INFO -  * Debugger PIN: 781-061-093
2025-03-26 17:15:32,636 - INFO -  * Detected change in '/home/kaijuzz/Desktop/Project/scripts.py', reloading
2025-03-26 17:15:32,769 - INFO -  * Restarting with stat
2025-03-26 17:15:33,271 - WARNING -  * Debugger is active!
2025-03-26 17:15:33,273 - INFO -  * Debugger PIN: 781-061-093
2025-03-26 17:15:34,956 - INFO - 127.0.0.1 - - [26/Mar/2025 17:15:34] "POST /api/auth/login HTTP/1.1" 200 -
2025-03-26 17:15:34,958 - INFO - Request - Endpoint: /api/admin/get | Method: GET | User: ADMIN
2025-03-26 17:15:34,961 - INFO - Success - Endpoint: /api/admin/get | Method: GET | Response: [
  {
    "id": "05df937d-ed22-4d61-9264-36697fc20486",
    "username": "Kh\u1ea3i"
  },
  {
    "id": "2d48ddf9-bc9e-489c-a162-5f1e4d3518c5",
    "username": "ADMIN"
  }
]

2025-03-26 17:15:34,961 - INFO - 127.0.0.1 - - [26/Mar/2025 17:15:34] "GET /api/admin/get HTTP/1.1" 200 -
2025-03-26 17:15:59,795 - INFO - 127.0.0.1 - - [26/Mar/2025 17:15:59] "POST /api/auth/login HTTP/1.1" 200 -
2025-03-26 17:15:59,798 - INFO - Request - Endpoint: /api/admin/get | Method: GET | User: ADMIN
2025-03-26 17:15:59,800 - INFO - Success - Endpoint: /api/admin/get | Method: GET | Response: [
  {
    "id": "05df937d-ed22-4d61-9264-36697fc20486",
    "username": "Kh\u1ea3i"
  },
  {
    "id": "2d48ddf9-bc9e-489c-a162-5f1e4d3518c5",
    "username": "ADMIN"
  }
]

2025-03-26 17:15:59,800 - INFO - 127.0.0.1 - - [26/Mar/2025 17:15:59] "GET /api/admin/get HTTP/1.1" 200 -
2025-03-26 17:16:00,509 - INFO -  * Detected change in '/home/kaijuzz/Desktop/Project/scripts.py', reloading
2025-03-26 17:16:00,656 - INFO -  * Restarting with stat
2025-03-26 17:16:01,175 - WARNING -  * Debugger is active!
2025-03-26 17:16:01,177 - INFO -  * Debugger PIN: 781-061-093
2025-03-26 17:16:05,217 - INFO -  * Detected change in '/home/kaijuzz/Desktop/Project/scripts.py', reloading
2025-03-26 17:16:05,346 - INFO -  * Restarting with stat
2025-03-26 17:16:05,816 - WARNING -  * Debugger is active!
2025-03-26 17:16:05,818 - INFO -  * Debugger PIN: 781-061-093
2025-03-26 17:18:59,229 - INFO -  * Detected change in '/home/kaijuzz/Desktop/Project/app/utils/decorators.py', reloading
2025-03-26 17:18:59,356 - INFO -  * Restarting with stat
2025-03-26 17:18:59,852 - WARNING -  * Debugger is active!
2025-03-26 17:18:59,854 - INFO -  * Debugger PIN: 781-061-093
2025-03-26 17:26:46,168 - INFO - 127.0.0.1 - - [26/Mar/2025 17:26:46] "POST /api/auth/login HTTP/1.1" 200 -
2025-03-26 17:26:46,171 - INFO - Request - Endpoint: /api/admin/get | Method: GET | User: ADMIN
2025-03-26 17:26:46,173 - INFO - Success - Endpoint: /api/admin/get | Method: GET | Response: [
  {
    "id": "05df937d-ed22-4d61-9264-36697fc20486",
    "username": "Kh\u1ea3i"
  },
  {
    "id": "2d48ddf9-bc9e-489c-a162-5f1e4d3518c5",
    "username": "ADMIN"
  }
]

2025-03-26 17:26:46,174 - INFO - 127.0.0.1 - - [26/Mar/2025 17:26:46] "GET /api/admin/get HTTP/1.1" 200 -
2025-03-26 17:26:55,553 - INFO -  * Detected change in '/home/kaijuzz/Desktop/Project/app/utils/decorators.py', reloading
2025-03-26 17:26:55,685 - INFO -  * Restarting with stat
2025-03-26 17:26:56,181 - WARNING -  * Debugger is active!
2025-03-26 17:26:56,183 - INFO -  * Debugger PIN: 781-061-093
2025-03-26 17:32:21,530 - INFO - 127.0.0.1 - - [26/Mar/2025 17:32:21] "POST /api/auth/login HTTP/1.1" 200 -
2025-03-26 17:32:21,534 - INFO - Request - Endpoint: /api/admin/get | Method: GET | User: ADMIN
2025-03-26 17:32:21,536 - INFO - Success - Endpoint: /api/admin/get | Method: GET | Response: [
  {
    "id": "05df937d-ed22-4d61-9264-36697fc20486",
    "username": "Kh\u1ea3i"
  },
  {
    "id": "2d48ddf9-bc9e-489c-a162-5f1e4d3518c5",
    "username": "ADMIN"
  }
]

2025-03-26 17:32:21,537 - INFO - 127.0.0.1 - - [26/Mar/2025 17:32:21] "GET /api/admin/get HTTP/1.1" 200 -
2025-03-26 17:42:54,918 - INFO -  * Detected change in '/home/kaijuzz/Desktop/Project/app/routes/admin.py', reloading
2025-03-26 17:42:55,074 - INFO -  * Restarting with stat
2025-03-26 17:42:55,614 - WARNING -  * Debugger is active!
2025-03-26 17:42:55,616 - INFO -  * Debugger PIN: 781-061-093
2025-03-26 18:32:36,056 - INFO -  * Detected change in '/home/kaijuzz/Desktop/Project/app/routes/admin.py', reloading
2025-03-26 18:32:36,172 - INFO -  * Restarting with stat
2025-03-26 18:32:36,625 - WARNING -  * Debugger is active!
2025-03-26 18:32:36,627 - INFO -  * Debugger PIN: 781-061-093
2025-03-26 18:32:46,714 - INFO -  * Detected change in '/home/kaijuzz/Desktop/Project/app/routes/admin.py', reloading
2025-03-26 18:32:46,883 - INFO -  * Restarting with stat
2025-03-26 18:32:47,483 - WARNING -  * Debugger is active!
2025-03-26 18:32:47,485 - INFO -  * Debugger PIN: 781-061-093
2025-03-26 18:32:47,721 - INFO - 127.0.0.1 - - [26/Mar/2025 18:32:47] "POST /api/auth/login HTTP/1.1" 200 -
2025-03-26 18:32:47,724 - INFO - Request - Endpoint: /api/admin/get | Method: GET | User: ADMIN
2025-03-26 18:32:47,726 - CRITICAL - Unexpected Server Error - Detail: cannot access local variable 'result' where it is not associated with a value | Traceback: Traceback (most recent call last):
  File "/home/kaijuzz/Desktop/Project/app/utils/decorators.py", line 53, in wrapper
    result = func(*args, **kwargs)
             ^^^^^^^^^^^^^^^^^^^^^
  File "/home/kaijuzz/Desktop/Project/app/routes/admin.py", line 54, in admin_get_users
    raise NotFoundException("User not found")
app.exceptions.NotFoundException: User not found

During handling of the above exception, another exception occurred:

Traceback (most recent call last):
  File "/home/kaijuzz/Desktop/Project/venv/lib/python3.12/site-packages/flask/app.py", line 917, in full_dispatch_request
    rv = self.dispatch_request()
         ^^^^^^^^^^^^^^^^^^^^^^^
  File "/home/kaijuzz/Desktop/Project/venv/lib/python3.12/site-packages/flask/app.py", line 902, in dispatch_request
    return self.ensure_sync(self.view_functions[rule.endpoint])(**view_args)  # type: ignore[no-any-return]
           ^^^^^^^^^^^^^^^^^^^^^^^^^^^^^^^^^^^^^^^^^^^^^^^^^^^^^^^^^^^^^^^^^
  File "/home/kaijuzz/Desktop/Project/venv/lib/python3.12/site-packages/flask_jwt_extended/view_decorators.py", line 170, in decorator
    return current_app.ensure_sync(fn)(*args, **kwargs)
           ^^^^^^^^^^^^^^^^^^^^^^^^^^^^^^^^^^^^^^^^^^^^
  File "/home/kaijuzz/Desktop/Project/app/utils/decorators.py", line 35, in wrapper
    return fn(*args, **kwargs)
           ^^^^^^^^^^^^^^^^^^^
  File "/home/kaijuzz/Desktop/Project/app/utils/decorators.py", line 80, in wrapper
    logging.error(f"Unexpected Error - Endpoint: {endpoint} | Detail: {str(e)} | Response: {result}")
                                                                                            ^^^^^^
UnboundLocalError: cannot access local variable 'result' where it is not associated with a value

2025-03-26 18:32:47,726 - INFO - 127.0.0.1 - - [26/Mar/2025 18:32:47] "[35m[1mGET /api/admin/get HTTP/1.1[0m" 500 -
2025-03-26 18:38:45,269 - INFO -  * Detected change in '/home/kaijuzz/Desktop/Project/app/utils/decorators.py', reloading
2025-03-26 18:38:45,396 - INFO -  * Restarting with stat
2025-03-26 18:38:45,912 - WARNING -  * Debugger is active!
2025-03-26 18:38:45,914 - INFO -  * Debugger PIN: 781-061-093
2025-03-26 18:38:46,931 - INFO -  * Detected change in '/home/kaijuzz/Desktop/Project/app/utils/decorators.py', reloading
2025-03-26 18:38:47,114 - INFO -  * Restarting with stat
2025-03-26 18:38:47,778 - WARNING -  * Debugger is active!
2025-03-26 18:38:47,779 - INFO -  * Debugger PIN: 781-061-093
2025-03-26 18:38:48,795 - INFO - 127.0.0.1 - - [26/Mar/2025 18:38:48] "POST /api/auth/login HTTP/1.1" 200 -
2025-03-26 18:38:48,798 - INFO - Request - Endpoint: /api/admin/get | Method: GET | User: ADMIN
2025-03-26 18:38:48,800 - ERROR - Unexpected Error - Endpoint: /api/admin/get | Detail: User not found | Response: None
2025-03-26 18:38:48,801 - INFO - 127.0.0.1 - - [26/Mar/2025 18:38:48] "[35m[1mGET /api/admin/get HTTP/1.1[0m" 500 -
2025-03-26 18:42:42,698 - INFO -  * Detected change in '/home/kaijuzz/Desktop/Project/app/utils/decorators.py', reloading
2025-03-26 18:42:42,846 - INFO -  * Restarting with stat
2025-03-26 18:42:43,437 - WARNING -  * Debugger is active!
2025-03-26 18:42:43,440 - INFO -  * Debugger PIN: 781-061-093
2025-03-26 18:42:44,798 - INFO - 127.0.0.1 - - [26/Mar/2025 18:42:44] "POST /api/auth/login HTTP/1.1" 200 -
2025-03-26 18:42:44,801 - INFO - Request - Endpoint: /api/admin/get | Method: GET | User: ADMIN
2025-03-26 18:42:44,802 - ERROR - Unexpected Error - Endpoint: /api/admin/get | Detail: User not found | Response: None
2025-03-26 18:42:44,803 - INFO - 127.0.0.1 - - [26/Mar/2025 18:42:44] "[35m[1mGET /api/admin/get HTTP/1.1[0m" 500 -
2025-03-26 18:43:09,682 - INFO -  * Detected change in '/home/kaijuzz/Desktop/Project/app/utils/decorators.py', reloading
2025-03-26 18:43:09,817 - INFO -  * Restarting with stat
2025-03-26 18:43:10,372 - WARNING -  * Debugger is active!
2025-03-26 18:43:10,374 - INFO -  * Debugger PIN: 781-061-093
2025-03-26 18:43:50,691 - INFO -  * Detected change in '/home/kaijuzz/Desktop/Project/app/utils/decorators.py', reloading
2025-03-26 18:43:50,848 - INFO -  * Restarting with stat
2025-03-26 18:43:51,399 - WARNING -  * Debugger is active!
2025-03-26 18:43:51,401 - INFO -  * Debugger PIN: 781-061-093
2025-03-26 18:43:52,668 - INFO - 127.0.0.1 - - [26/Mar/2025 18:43:52] "POST /api/auth/login HTTP/1.1" 200 -
2025-03-26 18:43:52,672 - INFO - Request - Endpoint: /api/admin/get | Method: GET | User: ADMIN
2025-03-26 18:43:52,674 - ERROR - Unexpected Error - Endpoint: /api/admin/get | Detail: User not found
2025-03-26 18:43:52,674 - ERROR - Unexpected Error - Endpoint: /api/admin/get | Detail: User not found | Response: None
2025-03-26 18:43:52,676 - INFO - 127.0.0.1 - - [26/Mar/2025 18:43:52] "[35m[1mGET /api/admin/get HTTP/1.1[0m" 500 -
2025-03-26 18:46:09,556 - INFO -  * Detected change in '/home/kaijuzz/Desktop/Project/app/utils/decorators.py', reloading
2025-03-26 18:46:09,708 - INFO -  * Restarting with stat
2025-03-26 18:46:10,243 - WARNING -  * Debugger is active!
2025-03-26 18:46:10,245 - INFO -  * Debugger PIN: 781-061-093
2025-03-26 18:46:44,519 - INFO -  * Detected change in '/home/kaijuzz/Desktop/Project/app/routes/admin.py', reloading
2025-03-26 18:46:44,681 - INFO -  * Restarting with stat
2025-03-26 18:46:45,247 - WARNING -  * Debugger is active!
2025-03-26 18:46:45,248 - INFO -  * Debugger PIN: 781-061-093
2025-03-26 18:46:46,674 - INFO - 127.0.0.1 - - [26/Mar/2025 18:46:46] "POST /api/auth/login HTTP/1.1" 200 -
2025-03-26 18:46:46,676 - INFO - Request - Endpoint: /api/admin/get | Method: GET | User: ADMIN
2025-03-26 18:46:46,679 - INFO - Success - Endpoint: /api/admin/get | Method: GET | Response: [
  {
    "id": "05df937d-ed22-4d61-9264-36697fc20486",
    "username": "Kh\u1ea3i"
  },
  {
    "id": "2d48ddf9-bc9e-489c-a162-5f1e4d3518c5",
    "username": "ADMIN"
  }
]

2025-03-26 18:46:46,679 - INFO - 127.0.0.1 - - [26/Mar/2025 18:46:46] "GET /api/admin/get HTTP/1.1" 200 -
2025-03-26 18:47:40,467 - DEBUG - Header 1: {'Authorization': 'Bearer eyJhbGciOiJIUzI1NiIsInR5cCI6IkpXVCJ9.eyJmcmVzaCI6ZmFsc2UsImlhdCI6MTc0Mjk4OTY2MCwianRpIjoiMmQwNjAyNWUtNmQ0NS00YjM0LTg4MTctYjY5OTdkMzAwM2NiIiwidHlwZSI6ImFjY2VzcyIsInN1YiI6MSwibmJmIjoxNzQyOTg5NjYwLCJjc3JmIjoiNjg3N2YwYmEtZjYwYS00ODQzLWE3ZjgtZTdlMTI3NjI1ZjA5IiwiZXhwIjoxNzQyOTkwNTYwfQ.GikQXL0-y0rdDi8EFoc0LHIfRX2q3uVPFmlSQpd6oB8'}
2025-03-26 18:49:09,320 - INFO -  * Detected change in '/home/kaijuzz/Desktop/Project/app/tests/unit/test_routes_unit.py', reloading
2025-03-26 18:49:09,489 - INFO -  * Restarting with stat
2025-03-26 18:49:10,102 - WARNING -  * Debugger is active!
2025-03-26 18:49:10,106 - INFO -  * Debugger PIN: 781-061-093
2025-03-26 18:49:15,396 - DEBUG - Header 1: {'Authorization': 'Bearer eyJhbGciOiJIUzI1NiIsInR5cCI6IkpXVCJ9.eyJmcmVzaCI6ZmFsc2UsImlhdCI6MTc0Mjk4OTc1NSwianRpIjoiMmVlNWI0OGMtODkwOS00NjFhLTg2ZTUtZWQ2ODJlMWZiMjkwIiwidHlwZSI6ImFjY2VzcyIsInN1YiI6MSwibmJmIjoxNzQyOTg5NzU1LCJjc3JmIjoiYzJmMjE0MzItM2I3My00NTRjLWJjNzAtMWRjNDFiMWM1OWYwIiwiZXhwIjoxNzQyOTkwNjU1fQ.vQ-0e88vO2Y_r09qDFWXIGKect14d6nqBqbeza-PHIg'}
2025-03-26 18:53:30,362 - INFO - [31m[1mWARNING: This is a development server. Do not use it in a production deployment. Use a production WSGI server instead.[0m
 * Running on http://127.0.0.1:5000
2025-03-26 18:53:30,362 - INFO - [33mPress CTRL+C to quit[0m
2025-03-26 18:53:30,363 - INFO -  * Restarting with stat
2025-03-26 18:53:30,949 - WARNING -  * Debugger is active!
2025-03-26 18:53:30,951 - INFO -  * Debugger PIN: 781-061-093
2025-03-26 18:53:32,193 - INFO - 127.0.0.1 - - [26/Mar/2025 18:53:32] "POST /api/auth/login HTTP/1.1" 200 -
2025-03-26 18:53:32,195 - INFO - Request - Endpoint: /api/admin/get | Method: GET | User: ADMIN
2025-03-26 18:53:32,198 - INFO - Success - Endpoint: /api/admin/get | Method: GET | Response: [
  {
    "id": "05df937d-ed22-4d61-9264-36697fc20486",
    "username": "Kh\u1ea3i"
  },
  {
    "id": "2d48ddf9-bc9e-489c-a162-5f1e4d3518c5",
    "username": "ADMIN"
  }
]

2025-03-26 18:53:32,198 - INFO - 127.0.0.1 - - [26/Mar/2025 18:53:32] "GET /api/admin/get HTTP/1.1" 200 -
2025-03-26 18:55:19,803 - INFO -  * Detected change in '/home/kaijuzz/Desktop/Project/app/routes/admin.py', reloading
2025-03-26 18:55:19,929 - INFO -  * Restarting with stat
2025-03-26 18:55:20,397 - WARNING -  * Debugger is active!
2025-03-26 18:55:20,399 - INFO -  * Debugger PIN: 781-061-093
2025-03-26 18:55:23,635 - INFO - 127.0.0.1 - - [26/Mar/2025 18:55:23] "POST /api/auth/login HTTP/1.1" 200 -
2025-03-26 18:55:23,637 - INFO - Request - Endpoint: /api/admin/get | Method: GET | User: ADMIN
2025-03-26 18:55:23,639 - INFO - Success - Endpoint: /api/admin/get | Method: GET | Response: [
  {
    "id": "05df937d-ed22-4d61-9264-36697fc20486",
    "username": "Kh\u1ea3i"
  },
  {
    "id": "2d48ddf9-bc9e-489c-a162-5f1e4d3518c5",
    "username": "ADMIN"
  }
]

2025-03-26 18:55:23,640 - INFO - 127.0.0.1 - - [26/Mar/2025 18:55:23] "GET /api/admin/get HTTP/1.1" 200 -
2025-03-26 18:58:00,693 - INFO -  * Detected change in '/home/kaijuzz/Desktop/Project/app/tests/unit/test_routes_unit.py', reloading
2025-03-26 18:58:00,847 - INFO -  * Restarting with stat
2025-03-26 18:58:01,363 - WARNING -  * Debugger is active!
2025-03-26 18:58:01,365 - INFO -  * Debugger PIN: 781-061-093
2025-03-26 18:58:08,937 - DEBUG - Header 1: {'Authorization': 'Bearer eyJhbGciOiJIUzI1NiIsInR5cCI6IkpXVCJ9.eyJmcmVzaCI6ZmFsc2UsImlhdCI6MTc0Mjk5MDI4OCwianRpIjoiNTE2ZTEwM2ItZjE3Yy00ZWY0LTg2ZTEtZjlmOWUzNDcyMDg5IiwidHlwZSI6ImFjY2VzcyIsInN1YiI6MSwibmJmIjoxNzQyOTkwMjg4LCJjc3JmIjoiNTE5NzlhZjctNjAzMi00Nzk3LTk4MTUtNGYyYzdhNWNjMjcxIiwiZXhwIjoxNzQyOTkxMTg4fQ.6RvmNKS7ZPbVV2s9yAh-rKBTVTYLBIErmJT6BG5uJ7g'}
2025-03-26 19:00:39,646 - INFO -  * Detected change in '/home/kaijuzz/Desktop/Project/app/tests/unit/test_routes_unit.py', reloading
2025-03-26 19:00:39,816 - INFO -  * Restarting with stat
2025-03-26 19:00:40,376 - WARNING -  * Debugger is active!
2025-03-26 19:00:40,378 - INFO -  * Debugger PIN: 781-061-093
2025-03-26 19:01:23,713 - INFO -  * Detected change in '/home/kaijuzz/Desktop/Project/app/tests/unit/test_routes_unit.py', reloading
2025-03-26 19:01:23,902 - INFO -  * Restarting with stat
2025-03-26 19:01:24,475 - WARNING -  * Debugger is active!
2025-03-26 19:01:24,477 - INFO -  * Debugger PIN: 781-061-093
2025-03-26 19:01:32,532 - INFO -  * Detected change in '/home/kaijuzz/Desktop/Project/app/tests/unit/test_routes_unit.py', reloading
2025-03-26 19:01:32,669 - INFO -  * Restarting with stat
2025-03-26 19:01:33,207 - WARNING -  * Debugger is active!
2025-03-26 19:01:33,209 - INFO -  * Debugger PIN: 781-061-093
2025-03-26 19:01:40,276 - INFO -  * Detected change in '/home/kaijuzz/Desktop/Project/app/tests/unit/test_routes_unit.py', reloading
2025-03-26 19:01:40,433 - INFO -  * Restarting with stat
2025-03-26 19:01:40,946 - WARNING -  * Debugger is active!
2025-03-26 19:01:40,948 - INFO -  * Debugger PIN: 781-061-093
2025-03-26 19:06:46,286 - INFO -  * Detected change in '/home/kaijuzz/Desktop/Project/app/tests/unit/test_routes_unit.py', reloading
2025-03-26 19:06:46,410 - INFO -  * Restarting with stat
2025-03-26 19:06:46,973 - WARNING -  * Debugger is active!
2025-03-26 19:06:46,975 - INFO -  * Debugger PIN: 781-061-093
2025-03-26 19:06:47,996 - INFO -  * Detected change in '/home/kaijuzz/Desktop/Project/app/tests/unit/test_routes_unit.py', reloading
2025-03-26 19:06:48,138 - INFO -  * Restarting with stat
2025-03-26 19:06:48,675 - WARNING -  * Debugger is active!
2025-03-26 19:06:48,677 - INFO -  * Debugger PIN: 781-061-093
2025-03-26 19:07:21,959 - INFO -  * Detected change in '/home/kaijuzz/Desktop/Project/app/tests/unit/test_routes_unit.py', reloading
2025-03-26 19:07:22,094 - INFO -  * Restarting with stat
2025-03-26 19:07:22,585 - WARNING -  * Debugger is active!
2025-03-26 19:07:22,587 - INFO -  * Debugger PIN: 781-061-093
2025-03-26 19:07:25,624 - INFO -  * Detected change in '/home/kaijuzz/Desktop/Project/app/tests/unit/test_routes_unit.py', reloading
2025-03-26 19:07:25,749 - INFO -  * Restarting with stat
2025-03-26 19:07:26,249 - WARNING -  * Debugger is active!
2025-03-26 19:07:26,251 - INFO -  * Debugger PIN: 781-061-093
2025-03-26 19:07:31,294 - INFO -  * Detected change in '/home/kaijuzz/Desktop/Project/app/tests/unit/test_routes_unit.py', reloading
2025-03-26 19:07:31,433 - INFO -  * Restarting with stat
2025-03-26 19:07:31,969 - WARNING -  * Debugger is active!
2025-03-26 19:07:31,971 - INFO -  * Debugger PIN: 781-061-093
2025-03-26 19:07:43,067 - DEBUG - Header 1: {'Authorization': 'Bearer eyJhbGciOiJIUzI1NiIsInR5cCI6IkpXVCJ9.eyJmcmVzaCI6ZmFsc2UsImlhdCI6MTc0Mjk5MDg2MywianRpIjoiYTIwYTlkYjgtZjdmMy00ZmZhLTk4MmUtZTA0YWRmMDE0YzA1IiwidHlwZSI6ImFjY2VzcyIsInN1YiI6MSwibmJmIjoxNzQyOTkwODYzLCJjc3JmIjoiODBiOTRlMWMtNzI5OS00ZjhmLWI4YjktOGQ1OTkwMDVjZTgwIiwiZXhwIjoxNzQyOTkxNzYzfQ.pm09hcDLEV5a5U7qRj7NEnmuv1frHic9IjPJf_s8lTo'}
2025-03-26 19:08:24,357 - INFO -  * Detected change in '/home/kaijuzz/Desktop/Project/app/tests/unit/test_routes_unit.py', reloading
2025-03-26 19:08:24,498 - INFO -  * Restarting with stat
2025-03-26 19:08:25,042 - WARNING -  * Debugger is active!
2025-03-26 19:08:25,044 - INFO -  * Debugger PIN: 781-061-093
2025-03-26 19:08:26,060 - INFO -  * Detected change in '/home/kaijuzz/Desktop/Project/app/tests/unit/test_routes_unit.py', reloading
2025-03-26 19:08:26,237 - INFO -  * Restarting with stat
2025-03-26 19:08:27,049 - WARNING -  * Debugger is active!
2025-03-26 19:08:27,051 - INFO -  * Debugger PIN: 781-061-093
2025-03-26 19:08:29,089 - DEBUG - Header 1: {'Authorization': 'Bearer eyJhbGciOiJIUzI1NiIsInR5cCI6IkpXVCJ9.eyJmcmVzaCI6ZmFsc2UsImlhdCI6MTc0Mjk5MDkwOSwianRpIjoiOWNlM2E1MjMtZDU2NS00Yzk3LTk3NzktNDY3YmJmZTk4MWU5IiwidHlwZSI6ImFjY2VzcyIsInN1YiI6MSwibmJmIjoxNzQyOTkwOTA5LCJjc3JmIjoiODcwZWFlZjAtZTRhNS00YWE5LWI2YTMtN2FhODUyM2I4MDZhIiwiZXhwIjoxNzQyOTkxODA5fQ.ZP5wivplWvRQZkaxH8ghNcSUa4iWj292DXwdIvEWgQQ'}
2025-03-26 19:11:43,565 - INFO -  * Detected change in '/home/kaijuzz/Desktop/Project/app/tests/unit/test_routes_unit.py', reloading
2025-03-26 19:11:43,710 - INFO -  * Restarting with stat
2025-03-26 19:11:44,271 - WARNING -  * Debugger is active!
2025-03-26 19:11:44,273 - INFO -  * Debugger PIN: 781-061-093
2025-03-26 19:11:45,757 - DEBUG - Response: {'Authorization': 'Bearer eyJhbGciOiJIUzI1NiIsInR5cCI6IkpXVCJ9.eyJmcmVzaCI6ZmFsc2UsImlhdCI6MTc0Mjk5MTEwNSwianRpIjoiZDk3OTM1NzAtNjBhNy00Njk2LTg1MDctN2VhMWEzODc5MWQ4IiwidHlwZSI6ImFjY2VzcyIsInN1YiI6MSwibmJmIjoxNzQyOTkxMTA1LCJjc3JmIjoiNjg5OTNhMzktYTY2YS00OWNmLWI0MjItMjRmNmE1ZDdkZjY4IiwiZXhwIjoxNzQyOTkyMDA1fQ.DJcX7wmFK4_7i_f4i1tjhPiTJX8NUUpRvSXhRGN_pVM'}
2025-03-26 19:12:06,465 - INFO -  * Detected change in '/home/kaijuzz/Desktop/Project/app/tests/unit/test_routes_unit.py', reloading
2025-03-26 19:12:06,617 - INFO -  * Restarting with stat
2025-03-26 19:12:07,186 - WARNING -  * Debugger is active!
2025-03-26 19:12:07,188 - INFO -  * Debugger PIN: 781-061-093
2025-03-26 19:12:08,856 - DEBUG - Response: <WrapperTestResponse streamed [422 UNPROCESSABLE ENTITY]>
2025-03-26 19:12:59,632 - INFO -  * Detected change in '/home/kaijuzz/Desktop/Project/app/tests/unit/test_routes_unit.py', reloading
2025-03-26 19:12:59,784 - INFO -  * Restarting with stat
2025-03-26 19:13:00,421 - WARNING -  * Debugger is active!
2025-03-26 19:13:00,423 - INFO -  * Debugger PIN: 781-061-093
2025-03-26 19:13:07,488 - INFO -  * Detected change in '/home/kaijuzz/Desktop/Project/app/tests/unit/test_routes_unit.py', reloading
2025-03-26 19:13:07,613 - INFO -  * Restarting with stat
2025-03-26 19:13:08,139 - WARNING -  * Debugger is active!
2025-03-26 19:13:08,141 - INFO -  * Debugger PIN: 781-061-093
2025-03-26 19:13:10,112 - ERROR - Access denied - Role mismatch. User role: None, Required role: admin
2025-03-26 19:13:10,113 - ERROR - Access denied - Role mismatch. User role: None, Required role: admin
2025-03-26 19:13:10,113 - DEBUG - Response: <WrapperTestResponse streamed [403 FORBIDDEN]>
2025-03-26 19:16:26,746 - INFO -  * Detected change in '/home/kaijuzz/Desktop/Project/app/tests/unit/test_routes_unit.py', reloading
2025-03-26 19:16:26,867 - INFO -  * Restarting with stat
2025-03-26 19:16:27,371 - WARNING -  * Debugger is active!
2025-03-26 19:16:27,373 - INFO -  * Debugger PIN: 781-061-093
2025-03-26 19:16:34,258 - ERROR - Access denied - Role mismatch. User role: None, Required role: admin
2025-03-26 19:16:34,260 - ERROR - Access denied - Role mismatch. User role: None, Required role: admin
2025-03-26 19:16:34,261 - DEBUG - Response: <WrapperTestResponse streamed [403 FORBIDDEN]>
2025-03-26 19:19:45,953 - INFO -  * Detected change in '/home/kaijuzz/Desktop/Project/app/tests/unit/test_routes_unit.py', reloading
2025-03-26 19:19:46,107 - INFO -  * Restarting with stat
2025-03-26 19:19:46,612 - WARNING -  * Debugger is active!
2025-03-26 19:19:46,614 - INFO -  * Debugger PIN: 781-061-093
2025-03-26 19:20:09,804 - INFO -  * Detected change in '/home/kaijuzz/Desktop/Project/app/tests/unit/test_routes_unit.py', reloading
2025-03-26 19:20:10,004 - INFO -  * Restarting with stat
2025-03-26 19:20:10,536 - WARNING -  * Debugger is active!
2025-03-26 19:20:10,538 - INFO -  * Debugger PIN: 781-061-093
2025-03-26 19:20:12,558 - INFO -  * Detected change in '/home/kaijuzz/Desktop/Project/app/tests/unit/test_routes_unit.py', reloading
2025-03-26 19:20:12,695 - INFO -  * Restarting with stat
2025-03-26 19:20:13,265 - WARNING -  * Debugger is active!
2025-03-26 19:20:13,267 - INFO -  * Debugger PIN: 781-061-093
2025-03-26 19:21:53,295 - INFO - Request - Endpoint: /api/admin/get | Method: GET | User: 1
2025-03-26 19:21:53,296 - INFO - Success - Endpoint: /api/admin/get | Method: GET | Response: [{"id":1,"username":"admin"},{"id":2,"username":"user"}]

2025-03-26 19:21:53,297 - ERROR - Access denied - Role mismatch. User role: user, Required role: admin
2025-03-26 19:21:53,297 - DEBUG - Response: <WrapperTestResponse streamed [200 OK]>
2025-03-26 19:22:09,164 - INFO -  * Detected change in '/home/kaijuzz/Desktop/Project/app/tests/unit/test_routes_unit.py', reloading
2025-03-26 19:22:09,304 - INFO -  * Restarting with stat
2025-03-26 19:22:09,832 - WARNING -  * Debugger is active!
2025-03-26 19:22:09,834 - INFO -  * Debugger PIN: 781-061-093
2025-03-26 19:22:10,503 - INFO - Request - Endpoint: /api/admin/get | Method: GET | User: 1
2025-03-26 19:22:10,505 - INFO - Success - Endpoint: /api/admin/get | Method: GET | Response: [{"id":1,"username":"admin"},{"id":2,"username":"user"}]

2025-03-26 19:22:10,506 - ERROR - Access denied - Role mismatch. User role: user, Required role: admin
2025-03-26 19:22:10,506 - DEBUG - Response: <WrapperTestResponse streamed [200 OK]>
2025-03-26 19:22:45,114 - INFO -  * Detected change in '/home/kaijuzz/Desktop/Project/app/tests/unit/test_routes_unit.py', reloading
2025-03-26 19:22:45,261 - INFO -  * Restarting with stat
2025-03-26 19:22:45,832 - WARNING -  * Debugger is active!
2025-03-26 19:22:45,834 - INFO -  * Debugger PIN: 781-061-093
2025-03-26 19:22:46,659 - INFO - Request - Endpoint: /api/admin/get | Method: GET | User: 1
2025-03-26 19:22:46,660 - INFO - Success - Endpoint: /api/admin/get | Method: GET | Response: [{"id":1,"username":"admin"},{"id":2,"username":"user"}]

2025-03-26 19:22:46,661 - ERROR - Access denied - Role mismatch. User role: user, Required role: admin
2025-03-26 19:22:46,661 - DEBUG - Response: <WrapperTestResponse streamed [200 OK]>
2025-03-26 19:28:38,651 - INFO -  * Detected change in '/home/kaijuzz/Desktop/Project/app/tests/unit/test_routes_unit.py', reloading
2025-03-26 19:28:38,826 - INFO -  * Restarting with stat
2025-03-26 19:28:39,445 - WARNING -  * Debugger is active!
2025-03-26 19:28:39,447 - INFO -  * Debugger PIN: 781-061-093
2025-03-27 16:58:28,240 - INFO - Request - Endpoint: /api/admin/get | Method: GET | User: 1
2025-03-27 16:58:28,242 - INFO - Success - Endpoint: /api/admin/get | Method: GET | Response: [{"id":1,"username":"admin"},{"id":2,"username":"user"}]

2025-03-27 16:58:28,245 - ERROR - Access denied - Role mismatch. User role: user, Required role: admin
2025-03-27 16:58:28,246 - DEBUG - Response: <WrapperTestResponse streamed [200 OK]>
2025-03-27 17:00:59,225 - INFO - Request - Endpoint: /api/admin/get | Method: GET | User: 1
2025-03-27 17:00:59,226 - INFO - Success - Endpoint: /api/admin/get | Method: GET | Response: [{"id":1,"username":"admin"},{"id":2,"username":"user"}]

2025-03-27 17:00:59,227 - ERROR - Access denied - Role mismatch. User role: user, Required role: admin
2025-03-27 17:00:59,227 - DEBUG - Response: <WrapperTestResponse streamed [200 OK]>
2025-03-27 23:58:33,630 - INFO - Request - Endpoint: /api/admin/get | Method: GET | User: 1
2025-03-27 23:58:33,631 - INFO - Success - Endpoint: /api/admin/get | Method: GET | Response: [{"id":1,"username":"admin"},{"id":2,"username":"user"}]

2025-03-27 23:58:33,632 - ERROR - Access denied - Role mismatch. User role: user, Required role: admin
2025-03-27 23:58:33,633 - DEBUG - Response: <WrapperTestResponse streamed [200 OK]>
